// Jest Snapshot v1, https://goo.gl/fbAQLP

exports[`HomeContainer component should be rendered correctly 1`] = `
<Home
  onSearch={[Function]}
  setSortById={[Function]}
  sortByOptions={
    Array [
      Object {
        "id": "release_date",
        "label": "release date",
      },
      Object {
        "id": "vote_average",
        "label": "rating",
      },
    ]
  }
/>
`;
