// Jest Snapshot v1, https://goo.gl/fbAQLP

exports[`HomeContainer component should be rendered correctly 1`] = `
<Home
  films={Array []}
  isLoading={false}
  onSearch={[Function]}
  search=""
  searchById="title"
  searchByOptions={
    Array [
      Object {
        "id": "title",
        "label": "Title",
      },
      Object {
        "id": "genres",
        "label": "Genre",
      },
    ]
  }
  setSearch={[Function]}
  setSearchById={[Function]}
  setSortById={[Function]}
  sortById="release_date"
  sortByOptions={
    Array [
      Object {
        "id": "release_date",
        "label": "release date",
      },
      Object {
        "id": "vote_average",
        "label": "rating",
      },
    ]
  }
/>
`;
