// Jest Snapshot v1, https://goo.gl/fbAQLP

exports[`Link component should be rendered correctly 1`] = `
<StyledComponent
  forwardedComponent={
    Object {
      "$$typeof": Symbol(react.forward_ref),
      "attrs": Array [],
      "componentStyle": ComponentStyle {
        "componentId": "Link-sc-1w86vi8-0",
        "isStatic": true,
        "rules": Array [
          "&&{color:initial;text-decoration:none;}",
        ],
      },
      "displayName": "Link",
      "foldedComponentIds": Array [],
      "render": [Function],
      "styledComponentId": "Link-sc-1w86vi8-0",
      "target": [Function],
      "toString": [Function],
      "warnTooManyClasses": [Function],
      "withComponent": [Function],
    }
  }
  forwardedRef={null}
/>
`;
